libcudart.so.13 {
  global:
    cudaGraphNodeGetDependencies;
    cudaGraphNodeGetType;
    cudaGraphAddEmptyNode;
    cudaStreamGetCaptureInfo;
    cudaStreamIsCapturing;
    cudaStreamCreate;
    cudaStreamCreateWithFlags;
    cudaStreamBeginCapture;
    cudaStreamEndCapture;
    cudaStreamUpdateCaptureDependencies;
    cudaStreamDestroy;
    cudaStreamAddCallback;
    cudaLaunchHostFunc;
    cudaDeviceGetStreamPriorityRange;
    cudaEventCreate;
    cudaEventCreateWithFlags;
    cudaEventRecord;
    cudaEventRecordWithFlags;
    cudaEventSynchronize;
    cudaEventQuery;
    cudaEventDestroy;
    cudaEventElapsedTime;
    cudaGetErrorString;
    cudaGetErrorName;
    cudaGetDeviceCount;
    cudaGetDeviceProperties;
    cudaSetDevice;
    cudaGetDevice;
    cudaRuntimeGetVersion;
    cudaDriverGetVersion;
    cudaDeviceSynchronize;
    cudaStreamSynchronize;
    cudaStreamQuery;
    cudaStreamWaitEvent;
    cudaStreamGetPriority;
    cudaStreamCreateWithPriority;
    cudaDeviceCanAccessPeer;
    cudaDeviceEnablePeerAccess;
    cudaDeviceGetAttribute;
    cudaHostAlloc;
    cudaFreeHost;
    cudaHostRegister;
    cudaHostUnregister;
    cudaDeviceGetPCIBusId;
    cudaPointerGetAttributes;
    cudaIpcGetEventHandle;
    cudaIpcOpenEventHandle;
    cudaIpcGetMemHandle;
    cudaIpcOpenMemHandle;
    cudaIpcCloseMemHandle;
    cudaGraphDestroy;
    cudaGraphExecDestroy;
    cudaGraphLaunch;
    cudaGraphInstantiateWithFlags;
    cudaGraphInstantiate;
    cudaGraphGetNodes;
    cudaGraphDebugDotPrint;
    cudaFuncSetAttribute;
    cudaFuncGetAttributes;
    cudaOccupancyMaxActiveBlocksPerMultiprocessorWithFlags;
    cudaThreadExchangeStreamCaptureMode;
    cudaLaunchKernelExC;
    cudaProfilerStart;
    cudaProfilerStop;
    __cudaPushCallConfiguration;
    __cudaPopCallConfiguration;
    __cudaLaunchKernel;
    __cudaRegisterFatBinary;
    __cudaRegisterFatBinaryEnd;
    __cudaUnregisterFatBinary;
    __cudaRegisterFunction;
    __cudaRegisterVar;
    __cudaGetKernel;
    cudaGetDriverEntryPointByVersion;
    cudaGetLastError;
    cudaPeekAtLastError;
    cudaDeviceGetDefaultMemPool;
    cudaMemPoolTrimTo;
    cudaMemPoolGetAttribute;
    cudaMemPoolSetAttribute;
    cudaMemPoolSetAccess;
    cudaMemGetInfo;
    cudaMalloc;
    cudaFree;
    cudaMemcpy;
    cudaMemcpyAsync;
    cudaMemcpyPeerAsync;
    cudaMallocAsync;
    cudaFreeAsync;
    cudaMemset;
    cudaMemsetAsync;
  local:
    *;
};
