libcublas.so.12 {
    global:
        cublasCreate_v2;
        cublasDestroy_v2;
        cublasSetStream_v2;
        cublasGetStream_v2;
        cublasSetPointerMode_v2;
        cublasGetPointerMode_v2;
        cublasSetAtomicsMode;
        cublasGetAtomicsMode;
        cublasGetMathMode;
        cublasSetMathMode;
        cublasSetWorkspace_v2;
        cublasSdot_v2;
        cublasDdot_v2;
        cublasCdotc_v2;
        cublasCdotu_v2;
        cublasZdotc_v2;
        cublasZdotu_v2;
        cublasDotEx;
        cublasSgemv_v2;
        cublasDgemv_v2;
        cublasCgemv_v2;
        cublasZgemv_v2;
        cublasSgemm_v2;
        cublasDgemm_v2;
        cublasCgemm_v2;
        cublasZgemm_v2;
        cublasHgemm;
        cublasSgemmEx;
        cublasGemmEx;
        cublasSgemmStridedBatched;
        cublasDgemmStridedBatched;
        cublasCgemmStridedBatched;
        cublasZgemmStridedBatched;
        cublasGemmStridedBatchedEx;
        cublasSgemmBatched;
        cublasDgemmBatched;
        cublasStrsm_v2;
        cublasDtrsm_v2;
        cublasCtrsm_v2;
        cublasZtrsm_v2;
        cublasStrsmBatched;
        cublasDtrsmBatched;
        cublasCtrsmBatched;
        cublasZtrsmBatched;
        cublasSgeam;
        cublasDgeam;
        cublasSgeqrfBatched;
        cublasDgeqrfBatched;
        cublasCgeqrfBatched;
        cublasZgeqrfBatched;
        cublasSgetrfBatched;
        cublasDgetrfBatched;
        cublasCgetrfBatched;
        cublasZgetrfBatched;
        cublasSgetrsBatched;
        cublasDgetrsBatched;
        cublasCgetrsBatched;
        cublasZgetrsBatched;
        cublasSgelsBatched;
        cublasDgelsBatched;
        cublasCgelsBatched;
        cublasZgelsBatched;
        cublasGetVersion_v2;
        cublasGetStatusName;
        cublasGetStatusString;
};
